Testing direct import...
Parsing subtitle file...
Found 7 cues
  #1: 1000 -> 4000: 大家好，欢迎观看今天的节目。...
  #2: 3500 -> 6000: 今天我们要讨论一个非常有趣的话题。...
  #4: 8000 -> 12000: 小明：你觉得这个方案怎么样？...

Scanning...
Total issues: 5
Errors: 3
Warnings: 2

Issues:
  [error] overlap: 时间轴重叠：第1条与第2条重叠 500ms
  [warning] long_line: 行过长：第8条第1行有42字符（超过40限制）
  [warning] long_lines: 行数过多：第9条有4行（超过2行限制）
  [error] index_gap: 编号断裂：从3跳到4，缺少1个编号
  [error] index_gap: 编号断裂：从7跳到8，缺少1个编号

Generating report...
================================================================================
字幕扫描报告
================================================================================

扫描文件数: 1
总字幕条数: 7
总问题数: 5
有错误文件数: 1

--------------------------------------------------------------------------------
文件: examples/sample1.srt
字幕数: 7, 问题数: 5
错误: 3, 警告: 2, 提示: 0

  [X] [ERROR] 时间轴重叠：第1条与第2条重叠 500ms
  [!] [WARNING] 行过长：第8条第1行有42字符（超过40限制）
  [!] [WARNING] 行数过多：第9条有4行（超过2行限制）
  [X] [ERROR] 编号断裂：从3跳到4，缺少1个编号
  [X] [ERROR] 编号断裂：从7跳到8，缺少1个编号

================================================================================
